// Jest Snapshot v1, https://goo.gl/fbAQLP

exports[`main tests PagerFiller check 1`] = `
<span
  className="pagerFiller"
>
  ...
</span>
`;
